// Jest Snapshot v1, https://goo.gl/fbAQLP

exports[`Button renders correctly 1`] = `
Button {
  "_reactInternalFiber": FiberNode {
    "_debugID": 4,
    "_debugIsCurrentlyTiming": false,
    "_debugOwner": null,
    "_debugSource": null,
    "actualDuration": 0,
    "actualStartTime": 0,
    "alternate": null,
    "child": FiberNode {
      "_debugID": 5,
      "_debugIsCurrentlyTiming": false,
      "_debugOwner": [Circular],
      "_debugSource": null,
      "actualDuration": 0,
      "actualStartTime": 0,
      "alternate": null,
      "child": null,
      "effectTag": 0,
      "expirationTime": 0,
      "firstEffect": null,
      "index": 0,
      "key": null,
      "lastEffect": null,
      "memoizedProps": Object {
        "children": "hi!",
        "className": "button",
      },
      "memoizedState": null,
      "mode": 0,
      "nextEffect": null,
      "pendingProps": Object {
        "children": "hi!",
        "className": "button",
      },
      "ref": null,
      "return": [Circular],
      "selfBaseTime": 0,
      "sibling": null,
      "stateNode": <div
        class="button"
      >
        hi!
      </div>,
      "tag": 5,
      "treeBaseTime": 0,
      "type": "div",
      "updateQueue": null,
    },
    "effectTag": 1,
    "expirationTime": 0,
    "firstEffect": null,
    "index": 0,
    "key": null,
    "lastEffect": null,
    "memoizedProps": Object {
      "children": "hi!",
    },
    "memoizedState": null,
    "mode": 0,
    "nextEffect": null,
    "pendingProps": Object {
      "children": "hi!",
    },
    "ref": null,
    "return": FiberNode {
      "_debugID": 1,
      "_debugIsCurrentlyTiming": false,
      "_debugOwner": null,
      "_debugSource": null,
      "actualDuration": 0,
      "actualStartTime": 0,
      "alternate": FiberNode {
        "_debugID": 1,
        "_debugIsCurrentlyTiming": false,
        "_debugOwner": null,
        "_debugSource": null,
        "actualDuration": 0,
        "actualStartTime": 0,
        "alternate": [Circular],
        "child": null,
        "effectTag": 0,
        "expirationTime": 1,
        "firstEffect": null,
        "index": 0,
        "key": null,
        "lastEffect": null,
        "memoizedProps": null,
        "memoizedState": null,
        "mode": 0,
        "nextEffect": null,
        "pendingProps": null,
        "ref": null,
        "return": null,
        "selfBaseTime": 0,
        "sibling": null,
        "stateNode": Object {
          "containerInfo": <div>
            <div
              class="button"
            >
              hi!
            </div>
          </div>,
          "context": Object {},
          "current": [Circular],
          "earliestPendingTime": 0,
          "earliestSuspendedTime": 0,
          "finishedWork": null,
          "firstBatch": null,
          "hydrate": false,
          "latestPendingTime": 0,
          "latestPingedTime": 0,
          "latestSuspendedTime": 0,
          "nextScheduledRoot": null,
          "pendingChildren": null,
          "pendingCommitExpirationTime": 0,
          "pendingContext": null,
          "remainingExpirationTime": 0,
        },
        "tag": 3,
        "treeBaseTime": 0,
        "type": null,
        "updateQueue": Object {
          "baseState": null,
          "expirationTime": 1,
          "firstCapturedEffect": null,
          "firstCapturedUpdate": null,
          "firstEffect": null,
          "firstUpdate": Object {
            "callback": null,
            "expirationTime": 1,
            "next": null,
            "nextEffect": null,
            "payload": Object {
              "element": <Button>
                hi!
              </Button>,
            },
            "tag": 0,
          },
          "lastCapturedEffect": null,
          "lastCapturedUpdate": null,
          "lastEffect": null,
          "lastUpdate": Object {
            "callback": null,
            "expirationTime": 1,
            "next": null,
            "nextEffect": null,
            "payload": Object {
              "element": <Button>
                hi!
              </Button>,
            },
            "tag": 0,
          },
        },
      },
      "child": [Circular],
      "effectTag": 32,
      "expirationTime": 0,
      "firstEffect": [Circular],
      "index": 0,
      "key": null,
      "lastEffect": [Circular],
      "memoizedProps": null,
      "memoizedState": Object {
        "element": <Button>
          hi!
        </Button>,
      },
      "mode": 0,
      "nextEffect": null,
      "pendingProps": null,
      "ref": null,
      "return": null,
      "selfBaseTime": 0,
      "sibling": null,
      "stateNode": Object {
        "containerInfo": <div>
          <div
            class="button"
          >
            hi!
          </div>
        </div>,
        "context": Object {},
        "current": [Circular],
        "earliestPendingTime": 0,
        "earliestSuspendedTime": 0,
        "finishedWork": null,
        "firstBatch": null,
        "hydrate": false,
        "latestPendingTime": 0,
        "latestPingedTime": 0,
        "latestSuspendedTime": 0,
        "nextScheduledRoot": null,
        "pendingChildren": null,
        "pendingCommitExpirationTime": 0,
        "pendingContext": null,
        "remainingExpirationTime": 0,
      },
      "tag": 3,
      "treeBaseTime": 0,
      "type": null,
      "updateQueue": Object {
        "baseState": Object {
          "element": <Button>
            hi!
          </Button>,
        },
        "expirationTime": 0,
        "firstCapturedEffect": null,
        "firstCapturedUpdate": null,
        "firstEffect": null,
        "firstUpdate": null,
        "lastCapturedEffect": null,
        "lastCapturedUpdate": null,
        "lastEffect": null,
        "lastUpdate": null,
      },
    },
    "selfBaseTime": 0,
    "sibling": null,
    "stateNode": [Circular],
    "tag": 2,
    "treeBaseTime": 0,
    "type": [Function],
    "updateQueue": null,
  },
  "_reactInternalInstance": Object {},
  "context": Object {},
  "props": Object {
    "children": "hi!",
  },
  "refs": Object {},
  "state": null,
  "updater": Object {
    "enqueueForceUpdate": [Function],
    "enqueueReplaceState": [Function],
    "enqueueSetState": [Function],
    "isMounted": [Function],
  },
}
`;
